migrate_cert.ts(13,9): error TS2353: Object literal may only specify known properties, and 'certificationUrls' does not exist in type 'UserWhereInput | UserWhereInput[]'.
src/actions/bid.action.ts(66,28): error TS2339: Property 'bid' does not exist on type 'Omit<PrismaClient<PrismaClientOptions, never, $Extensions.DefaultArgs>, runtime.ITXClientDenyList>'.
src/actions/bid.action.ts(84,18): error TS2339: Property 'estimate' does not exist on type 'Omit<PrismaClient<PrismaClientOptions, never, $Extensions.DefaultArgs>, runtime.ITXClientDenyList>'.
src/actions/bid.action.ts(108,33): error TS2339: Property 'estimate' does not exist on type 'Omit<PrismaClient<PrismaClientOptions, never, $Extensions.DefaultArgs>, runtime.ITXClientDenyList>'.
src/actions/bid.action.ts(119,16): error TS2339: Property 'bid' does not exist on type 'Omit<PrismaClient<PrismaClientOptions, never, $Extensions.DefaultArgs>, runtime.ITXClientDenyList>'.
src/actions/bid.action.ts(125,40): error TS2339: Property 'estimate' does not exist on type 'Omit<PrismaClient<PrismaClientOptions, never, $Extensions.DefaultArgs>, runtime.ITXClientDenyList>'.
src/actions/bid.action.ts(153,33): error TS2339: Property 'estimate' does not exist on type 'Omit<PrismaClient<PrismaClientOptions, never, $Extensions.DefaultArgs>, runtime.ITXClientDenyList>'.
src/actions/bid.action.ts(164,16): error TS2339: Property 'bid' does not exist on type 'Omit<PrismaClient<PrismaClientOptions, never, $Extensions.DefaultArgs>, runtime.ITXClientDenyList>'.
src/actions/bid.action.ts(170,40): error TS2339: Property 'estimate' does not exist on type 'Omit<PrismaClient<PrismaClientOptions, never, $Extensions.DefaultArgs>, runtime.ITXClientDenyList>'.
src/actions/bid.action.ts(197,28): error TS2339: Property 'bid' does not exist on type 'Omit<PrismaClient<PrismaClientOptions, never, $Extensions.DefaultArgs>, runtime.ITXClientDenyList>'.
src/actions/bid.action.ts(208,16): error TS2339: Property 'bid' does not exist on type 'Omit<PrismaClient<PrismaClientOptions, never, $Extensions.DefaultArgs>, runtime.ITXClientDenyList>'.
src/actions/bid.action.ts(213,38): error TS2339: Property 'bid' does not exist on type 'Omit<PrismaClient<PrismaClientOptions, never, $Extensions.DefaultArgs>, runtime.ITXClientDenyList>'.
src/actions/bid.action.ts(218,19): error TS2339: Property 'estimate' does not exist on type 'Omit<PrismaClient<PrismaClientOptions, never, $Extensions.DefaultArgs>, runtime.ITXClientDenyList>'.
src/actions/bookmark.action.ts(89,28): error TS7006: Parameter 'b' implicitly has an 'any' type.
src/actions/bookmark.action.ts(114,49): error TS7006: Parameter 'b' implicitly has an 'any' type.
src/actions/category.action.ts(30,36): error TS7006: Parameter 'cat' implicitly has an 'any' type.
src/actions/category.action.ts(34,40): error TS7006: Parameter 'svc' implicitly has an 'any' type.
src/actions/dashboard.action.ts(29,23): error TS7006: Parameter 'est' implicitly has an 'any' type.
src/actions/estimate.action.ts(111,37): error TS7006: Parameter 's' implicitly has an 'any' type.
src/actions/estimate.action.ts(136,39): error TS7006: Parameter 's' implicitly has an 'any' type.
src/actions/estimate.action.ts(213,37): error TS7006: Parameter 's' implicitly has an 'any' type.
src/actions/estimate.action.ts(231,41): error TS7006: Parameter 's' implicitly has an 'any' type.
src/actions/estimate.action.ts(358,46): error TS7006: Parameter 's' implicitly has an 'any' type.
src/actions/expert.action.ts(248,36): error TS2339: Property 'user' does not exist on type 'Omit<PrismaClient<PrismaClientOptions, never, $Extensions.DefaultArgs>, runtime.ITXClientDenyList>'.
src/actions/expert.action.ts(255,40): error TS2339: Property 'category' does not exist on type 'Omit<PrismaClient<PrismaClientOptions, never, $Extensions.DefaultArgs>, runtime.ITXClientDenyList>'.
src/actions/expert.action.ts(258,30): error TS2339: Property 'user' does not exist on type 'Omit<PrismaClient<PrismaClientOptions, never, $Extensions.DefaultArgs>, runtime.ITXClientDenyList>'.
src/actions/expert.action.ts(264,38): error TS7006: Parameter 'c' implicitly has an 'any' type.
src/actions/expert.action.ts(277,40): error TS2339: Property 'certification' does not exist on type 'Omit<PrismaClient<PrismaClientOptions, never, $Extensions.DefaultArgs>, runtime.ITXClientDenyList>'.
src/actions/expert.action.ts(278,51): error TS7006: Parameter 'c' implicitly has an 'any' type.
src/actions/expert.action.ts(282,52): error TS7006: Parameter 'id' implicitly has an 'any' type.
src/actions/expert.action.ts(284,20): error TS2339: Property 'certification' does not exist on type 'Omit<PrismaClient<PrismaClientOptions, never, $Extensions.DefaultArgs>, runtime.ITXClientDenyList>'.
src/actions/expert.action.ts(292,20): error TS2339: Property 'certification' does not exist on type 'Omit<PrismaClient<PrismaClientOptions, never, $Extensions.DefaultArgs>, runtime.ITXClientDenyList>'.
src/actions/expert.action.ts(303,32): error TS2339: Property 'profile' does not exist on type 'Omit<PrismaClient<PrismaClientOptions, never, $Extensions.DefaultArgs>, runtime.ITXClientDenyList>'.
src/actions/expert.action.ts(389,28): error TS2339: Property 'bid' does not exist on type 'Omit<PrismaClient<PrismaClientOptions, never, $Extensions.DefaultArgs>, runtime.ITXClientDenyList>'.
src/actions/expert.action.ts(400,18): error TS2339: Property 'bidItem' does not exist on type 'Omit<PrismaClient<PrismaClientOptions, never, $Extensions.DefaultArgs>, runtime.ITXClientDenyList>'.
src/actions/expert.action.ts(406,20): error TS2339: Property 'bidItem' does not exist on type 'Omit<PrismaClient<PrismaClientOptions, never, $Extensions.DefaultArgs>, runtime.ITXClientDenyList>'.
src/actions/expert.action.ts(532,39): error TS2339: Property 'category' does not exist on type 'Omit<PrismaClient<PrismaClientOptions, never, $Extensions.DefaultArgs>, runtime.ITXClientDenyList>'.
src/actions/expert.action.ts(534,33): error TS2339: Property 'estimate' does not exist on type 'Omit<PrismaClient<PrismaClientOptions, never, $Extensions.DefaultArgs>, runtime.ITXClientDenyList>'.
src/actions/expert.action.ts(548,28): error TS2339: Property 'bid' does not exist on type 'Omit<PrismaClient<PrismaClientOptions, never, $Extensions.DefaultArgs>, runtime.ITXClientDenyList>'.
src/actions/expert.action.ts(619,47): error TS7006: Parameter 'b' implicitly has an 'any' type.
src/actions/payment.action.ts(36,36): error TS7006: Parameter 'est' implicitly has an 'any' type.
src/actions/payment.action.ts(76,33): error TS2339: Property 'estimate' does not exist on type 'Omit<PrismaClient<PrismaClientOptions, never, $Extensions.DefaultArgs>, runtime.ITXClientDenyList>'.
src/actions/payment.action.ts(86,16): error TS2339: Property 'estimate' does not exist on type 'Omit<PrismaClient<PrismaClientOptions, never, $Extensions.DefaultArgs>, runtime.ITXClientDenyList>'.
src/actions/payment.action.ts(95,16): error TS2339: Property 'bid' does not exist on type 'Omit<PrismaClient<PrismaClientOptions, never, $Extensions.DefaultArgs>, runtime.ITXClientDenyList>'.
src/actions/payment.action.ts(122,33): error TS2339: Property 'estimate' does not exist on type 'Omit<PrismaClient<PrismaClientOptions, never, $Extensions.DefaultArgs>, runtime.ITXClientDenyList>'.
src/actions/payment.action.ts(127,23): error TS2339: Property 'estimate' does not exist on type 'Omit<PrismaClient<PrismaClientOptions, never, $Extensions.DefaultArgs>, runtime.ITXClientDenyList>'.
src/actions/register.action.ts(44,40): error TS2339: Property 'category' does not exist on type 'Omit<PrismaClient<PrismaClientOptions, never, $Extensions.DefaultArgs>, runtime.ITXClientDenyList>'.
src/actions/register.action.ts(48,33): error TS2339: Property 'user' does not exist on type 'Omit<PrismaClient<PrismaClientOptions, never, $Extensions.DefaultArgs>, runtime.ITXClientDenyList>'.
src/actions/register.action.ts(54,42): error TS7006: Parameter 'c' implicitly has an 'any' type.
src/actions/register.action.ts(73,35): error TS2339: Property 'account' does not exist on type 'Omit<PrismaClient<PrismaClientOptions, never, $Extensions.DefaultArgs>, runtime.ITXClientDenyList>'.
src/actions/schedule.action.ts(29,31): error TS7006: Parameter 's' implicitly has an 'any' type.
src/actions/schedule.action.ts(36,24): error TS7006: Parameter 'b' implicitly has an 'any' type.
src/auth.ts(9,26): error TS2345: Argument of type 'PrismaClient<PrismaClientOptions, never, $Extensions.DefaultArgs>' is not assignable to parameter of type 'PrismaClient<PrismaClientOptions, never, DefaultArgs> | DynamicClientExtensionThis<TypeMap<InternalArgs & InternalArgs<{ [x: string]: { [x: string]: unknown; }; }, { ...; }, { ...; }, { ...; }>, {}>, TypeMapCb<...>, InternalArgs<...>>'.
  Type 'PrismaClient<PrismaClientOptions, never, $Extensions.DefaultArgs>' is not assignable to type 'DynamicClientExtensionThis<TypeMap<InternalArgs & InternalArgs<{ [x: string]: { [x: string]: unknown; }; }, { [x: string]: { [x: string]: unknown; }; }, { [x: string]: { [x: string]: unknown; }; }, { [x: string]: unknown; }>, {}>, TypeMapCb<...>, InternalArgs<...>>'.
    Type 'PrismaClient<PrismaClientOptions, never, $Extensions.DefaultArgs>' is not assignable to type '{ [x: string]: unknown; }'.
      Index signature for type 'string' is missing in type 'PrismaClient<PrismaClientOptions, never, $Extensions.DefaultArgs>'.
